invalid declaration of `--same`: its spelling is declared twice
invalid declaration of `--beta`: its spelling is declared twice
invalid declaration of `--alpha`: `-h` and `--help` are built in
invalid declaration of `-a`: a long option starts with `--`
clean
invalid declaration of `--alpha`: a switch has no default
invalid declaration of `--count`: its default is not a value it accepts
invalid declaration of `--mode`: its default is not a value it accepts
invalid declaration of `INPUT`: a positional is not spelled as an option
invalid declaration of `NEEDED`: a required positional cannot follow an optional one
invalid declaration of `LATER`: no positional can follow one that takes many values
invalid declaration of `INPUT`: subcommands and positionals are ambiguous
invalid declaration of `tool`: a relation must join two different arguments
