ok verbose= jobs=4 input=main.zen define=one
ok input=main.zen define=two define=three mode=small jobs=2 (default)
error: invalid value `nope` for `--jobs`
error: option `--jobs` requires a value
error: invalid value `fast` for `--mode`: expected debug, release or small
error: required argument `INPUT` is missing
error: argument `--verbose` cannot be used more than once
error: unknown option `--bogus` for `tool build`
error: unexpected argument `extra` for `tool build`
error: invalid value `yes` for `--verbose`
help
ok input=-literal jobs=2 (default)
Build one input

Usage: tool build [OPTIONS] <INPUT>

Arguments:
  <INPUT>              Input path

Options:
  -v, --verbose        Print more detail
      --quiet          Print no detail
      --jobs <N>       Worker count [default: 2]
      --mode <MODE>    Build mode [possible values: debug, release, small]
  -D, --define <NAME>  Add a definition [repeatable]
  -h, --help           Print help

Environment:
  TOOL_HOME  Where tool keeps its cache
