mul_wide: true
mul_wide owner: false
mul_wide result: false
mul_wide words: false
mul_wide private: false
mul_wide mutable: false
truncate: true
truncate u128: true
truncate widening: false
truncate same: false
truncate name: false
truncate signed: false
truncate owner: false
unknown: false
u8 or: true
u128 shift: true
u16 rotate: true
usize xor: true
i64 or: false
splat: true
splat lane: false
splat name: false
lanes: true
lanes count: false
lane: true
with_lane: true
vector xor: true
vector mixed: false
vector rotate: true
shuffle: true
shuffle count: false
shuffle2: true
simd owner: false
scalar in simd: false
cast: true
cast size: false
cast same: false
cpu: true
cpu result: false
cpu unknown: false
cpu sha: true
sha256_rnds2: true
sha256_rnds2 capability: false
sha512h lanes: false
sha512su0: true
foreign: true
